0 verbose cli /usr/local/share/nvm/versions/node/v24.14.0/bin/node /home/codespace/nvm/current/bin/npm
1 info using npm@11.9.0
2 info using node@v24.14.0
3 silly config load:file:/usr/local/share/nvm/versions/node/v24.14.0/lib/node_modules/npm/npmrc
4 silly config load:file:/workspaces/EDUBONKE/.npmrc
5 silly config load:file:/home/codespace/.npmrc
6 silly config load:file:/usr/local/share/nvm/versions/node/v24.14.0/etc/npmrc
7 verbose title npm install
8 verbose argv "install"
9 verbose logfile logs-max:10 dir:/workspaces/EDUBONKE/.sites-runtime/npm-cache/_logs/2026-08-14T23_22_17_041Z-
10 verbose logfile /workspaces/EDUBONKE/.sites-runtime/npm-cache/_logs/2026-08-14T23_22_17_041Z-debug-0.log
11 silly logfile done cleaning log files
12 silly packumentCache heap:2348810240 maxSize:587202560 maxEntrySize:293601280
13 silly idealTree buildDeps
14 verbose shrinkwrap failed to load node_modules/.package-lock.json out of date, updated: node_modules
15 silly reify moves {}
16 verbose cwd /workspaces/EDUBONKE
17 verbose os Linux 6.8.0-1052-azure
18 verbose node v24.14.0
19 verbose npm  v11.9.0
20 verbose exit 0
21 info ok
